** Drc report for esp32-e220.kicad_pcb **
** Created on 2026-08-18T14:53:35 **
** Report includes: Errors, Warnings **

** Found 0 DRC violations **

** Found 72 unconnected pads **
[unconnected_items]: Missing connection between items
    Local override; error
    @(10.4200 mm, 53.5000 mm): PTH pad 2 [E220_M1] of J3
    @(33.0000 mm, 58.7250 mm): Pad 1 [E220_M1] of R9 on F.Cu
[unconnected_items]: Missing connection between items
    Local override; error
    @(90.0000 mm, 85.0000 mm): PTH pad 1 [E220_M1] of TP7
    @(111.0000 mm, 29.2400 mm): PTH pad 7 [E220_M1] of J1
[unconnected_items]: Missing connection between items
    Local override; error
    @(90.0000 mm, 85.0000 mm): PTH pad 1 [E220_M1] of TP7
    @(33.0000 mm, 58.7250 mm): Pad 1 [E220_M1] of R9 on F.Cu
[unconnected_items]: Missing connection between items
    Local override; error
    @(30.0000 mm, 52.7250 mm): Pad 1 [5V_SYS] of C5 on F.Cu
    @(20.5800 mm, 53.5000 mm): PTH pad 6 [5V_SYS] of J3
[unconnected_items]: Missing connection between items
    Local override; error
    @(33.0000 mm, 52.7250 mm): Pad 1 [5V_SYS] of C6 on F.Cu
    @(30.0000 mm, 52.7250 mm): Pad 1 [5V_SYS] of C5 on F.Cu
[unconnected_items]: Missing connection between items
    Local override; error
    @(72.0000 mm, 85.0000 mm): PTH pad 1 [5V_SYS] of TP4
    @(78.0000 mm, 85.0000 mm): PTH pad 1 [5V_SYS] of TP5
[unconnected_items]: Missing connection between items
    Local override; error
    @(72.2500 mm, 70.6000 mm): Pad 14 [5V_SYS] of U1 on F.Cu
    @(72.2500 mm, 73.4000 mm): Pad 7 [5V_SYS] of U1 on F.Cu
[unconnected_items]: Missing connection between items
    Local override; error
    @(72.2500 mm, 70.6000 mm): Pad 14 [5V_SYS] of U1 on F.Cu
    @(33.0000 mm, 52.7250 mm): Pad 1 [5V_SYS] of C6 on F.Cu
[unconnected_items]: Missing connection between items
    Local override; error
    @(72.2500 mm, 73.4000 mm): Pad 7 [5V_SYS] of U1 on F.Cu
    @(81.6750 mm, 72.0000 mm): Pad 2 [5V_SYS] of L1 on F.Cu
[unconnected_items]: Missing connection between items
    Local override; error
    @(72.2500 mm, 73.4000 mm): Pad 7 [5V_SYS] of U1 on F.Cu
    @(72.0000 mm, 85.0000 mm): PTH pad 1 [5V_SYS] of TP4
[unconnected_items]: Missing connection between items
    Local override; error
    @(81.6750 mm, 72.0000 mm): Pad 2 [5V_SYS] of L1 on F.Cu
    @(88.0000 mm, 73.0000 mm): Pad 1 [5V_SYS] of C3 on F.Cu
[unconnected_items]: Missing connection between items
    Local override; error
    @(94.5000 mm, 74.7250 mm): Pad 1 [5V_SYS] of C7 on F.Cu
    @(97.5250 mm, 73.0000 mm): Pad 5 [5V_SYS] of U3 on F.Cu
[unconnected_items]: Missing connection between items
    Local override; error
    @(94.5000 mm, 74.7250 mm): Pad 1 [5V_SYS] of C7 on F.Cu
    @(88.0000 mm, 73.0000 mm): Pad 1 [5V_SYS] of C3 on F.Cu
[unconnected_items]: Missing connection between items
    Local override; error
    @(97.5250 mm, 73.0000 mm): Pad 5 [5V_SYS] of U3 on F.Cu
    @(102.5500 mm, 72.4000 mm): Pad 1 [5V_SYS] of D2 on F.Cu
[unconnected_items]: Missing connection between items
    Local override; error
    @(102.5500 mm, 72.4000 mm): Pad 1 [5V_SYS] of D2 on F.Cu
    @(111.0000 mm, 14.0000 mm): PTH pad 1 [5V_SYS] of J1
[unconnected_items]: Missing connection between items
    Local override; error
    @(30.0000 mm, 51.2750 mm): Pad 2 [GND] of C5 on F.Cu
    @(33.0000 mm, 51.2750 mm): Pad 2 [GND] of C6 on F.Cu
[unconnected_items]: Missing connection between items
    Local override; error
    @(30.0000 mm, 51.2750 mm): Pad 2 [GND] of C5 on F.Cu
    @(23.1200 mm, 53.5000 mm): PTH pad 7 [GND] of J3
[unconnected_items]: Missing connection between items
    Local override; error
    @(30.0000 mm, 57.2750 mm): Pad 2 [GND] of R8 on F.Cu
    @(30.0000 mm, 51.2750 mm): Pad 2 [GND] of C5 on F.Cu
[unconnected_items]: Missing connection between items
    Local override; error
    @(33.0000 mm, 57.2750 mm): Pad 2 [GND] of R9 on F.Cu
    @(30.0000 mm, 57.2750 mm): Pad 2 [GND] of R8 on F.Cu
[unconnected_items]: Missing connection between items
    Local override; error
    @(33.0000 mm, 57.2750 mm): Pad 2 [GND] of R9 on F.Cu
    @(37.5000 mm, 76.0000 mm): PTH pad 2 [GND] of J4
[unconnected_items]: Missing connection between items
    Local override; error
    @(56.1500 mm, 76.0000 mm): Pad 2 [GND] of D3 on F.Cu
    @(60.0000 mm, 68.2750 mm): Pad 2 [GND] of R1 on F.Cu
[unconnected_items]: Missing connection between items
    Local override; error
    @(56.1500 mm, 76.0000 mm): Pad 2 [GND] of D3 on F.Cu
    @(60.0000 mm, 85.0000 mm): PTH pad 1 [GND] of TP2
[unconnected_items]: Missing connection between items
    Local override; error
    @(56.1500 mm, 76.0000 mm): Pad 2 [GND] of D3 on F.Cu
    @(37.5000 mm, 76.0000 mm): PTH pad 2 [GND] of J4
[unconnected_items]: Missing connection between items
    Local override; error
    @(63.0000 mm, 20.0000 mm): PTH pad 1 [GND] of J5
    @(33.0000 mm, 51.2750 mm): Pad 2 [GND] of C6 on F.Cu
[unconnected_items]: Missing connection between items
    Local override; error
    @(67.5000 mm, 66.5000 mm): Pad 2 [GND] of C1 on F.Cu
    @(60.0000 mm, 68.2750 mm): Pad 2 [GND] of R1 on F.Cu
[unconnected_items]: Missing connection between items
    Local override; error
    @(70.0000 mm, 66.7750 mm): Pad 2 [GND] of C2 on F.Cu
    @(67.5000 mm, 66.5000 mm): Pad 2 [GND] of C1 on F.Cu
[unconnected_items]: Missing connection between items
    Local override; error
    @(70.0000 mm, 66.7750 mm): Pad 2 [GND] of C2 on F.Cu
    @(74.5000 mm, 66.7750 mm): Pad 2 [GND] of C4 on F.Cu
[unconnected_items]: Missing connection between items
    Local override; error
    @(71.2500 mm, 70.6000 mm): Pad 16 [GND] of U1 on F.Cu
    @(71.7500 mm, 70.6000 mm): Pad 15 [GND] of U1 on F.Cu
[unconnected_items]: Missing connection between items
    Local override; error
    @(71.2500 mm, 70.6000 mm): Pad 16 [GND] of U1 on F.Cu
    @(70.0000 mm, 66.7750 mm): Pad 2 [GND] of C2 on F.Cu
[unconnected_items]: Missing connection between items
    Local override; error
    @(71.7500 mm, 70.6000 mm): Pad 15 [GND] of U1 on F.Cu
    @(72.0000 mm, 72.0000 mm): Pad EP [GND] of U1 on F.Cu
[unconnected_items]: Missing connection between items
    Local override; error
    @(71.7500 mm, 73.4000 mm): Pad 6 [GND] of U1 on F.Cu
    @(71.2500 mm, 73.4000 mm): Pad 5 [GND] of U1 on F.Cu
[unconnected_items]: Missing connection between items
    Local override; error
    @(71.7500 mm, 73.4000 mm): Pad 6 [GND] of U1 on F.Cu
    @(72.7500 mm, 73.4000 mm): Pad 8 [GND] of U1 on F.Cu
[unconnected_items]: Missing connection between items
    Local override; error
    @(71.7500 mm, 73.4000 mm): Pad 6 [GND] of U1 on F.Cu
    @(72.0000 mm, 72.0000 mm): Pad EP [GND] of U1 on F.Cu
[unconnected_items]: Missing connection between items
    Local override; error
    @(74.5000 mm, 66.7750 mm): Pad 2 [GND] of C4 on F.Cu
    @(88.0000 mm, 71.0000 mm): Pad 2 [GND] of C3 on F.Cu
[unconnected_items]: Missing connection between items
    Local override; error
    @(94.5000 mm, 73.2750 mm): Pad 2 [GND] of C7 on F.Cu
    @(88.0000 mm, 71.0000 mm): Pad 2 [GND] of C3 on F.Cu
[unconnected_items]: Missing connection between items
    Local override; error
    @(97.0500 mm, 75.0000 mm): Pad 1 [GND] of U3 on F.Cu
    @(98.9500 mm, 75.0000 mm): Pad 3 [GND] of U3 on F.Cu
[unconnected_items]: Missing connection between items
    Local override; error
    @(97.0500 mm, 75.0000 mm): Pad 1 [GND] of U3 on F.Cu
    @(94.5000 mm, 73.2750 mm): Pad 2 [GND] of C7 on F.Cu
[unconnected_items]: Missing connection between items
    Local override; error
    @(98.9500 mm, 75.0000 mm): Pad 3 [GND] of U3 on F.Cu
    @(107.4500 mm, 75.6000 mm): Pad 3 [GND] of D2 on F.Cu
[unconnected_items]: Missing connection between items
    Local override; error
    @(111.0000 mm, 16.5400 mm): PTH pad 2 [GND] of J1
    @(63.0000 mm, 20.0000 mm): PTH pad 1 [GND] of J5
[unconnected_items]: Missing connection between items
    Local override; error
    @(136.4000 mm, 16.5400 mm): PTH pad 2 [GND] of J2
    @(111.0000 mm, 16.5400 mm): PTH pad 2 [GND] of J1
[unconnected_items]: Missing connection between items
    Local override; error
    @(15.5000 mm, 53.5000 mm): PTH pad 4 [E220_TXD] of J3
    @(108.0000 mm, 85.0000 mm): PTH pad 1 [E220_TXD] of TP10
[unconnected_items]: Missing connection between items
    Local override; error
    @(108.0000 mm, 85.0000 mm): PTH pad 1 [E220_TXD] of TP10
    @(136.4000 mm, 26.7000 mm): PTH pad 6 [E220_TXD] of J2
[unconnected_items]: Missing connection between items
    Local override; error
    @(42.8620 mm, 76.0000 mm): Pad 1 [BAT_PLUS] of F1 on F.Cu
    @(35.0000 mm, 76.0000 mm): PTH pad 1 [BAT_PLUS] of J4
[unconnected_items]: Missing connection between items
    Local override; error
    @(54.0000 mm, 85.0000 mm): PTH pad 1 [BAT_PLUS] of TP1
    @(42.8620 mm, 76.0000 mm): Pad 1 [BAT_PLUS] of F1 on F.Cu
[unconnected_items]: Missing connection between items
    Local override; error
    @(47.1380 mm, 76.0000 mm): Pad 2 [BAT_FUSED] of F1 on F.Cu
    @(51.8500 mm, 76.0000 mm): Pad 1 [BAT_FUSED] of D3 on F.Cu
[unconnected_items]: Missing connection between items
    Local override; error
    @(51.8500 mm, 76.0000 mm): Pad 1 [BAT_FUSED] of D3 on F.Cu
    @(63.0000 mm, 75.0000 mm): Pad 3 [BAT_FUSED] of Q1 on F.Cu
[unconnected_items]: Missing connection between items
    Local override; error
    @(18.0400 mm, 53.5000 mm): PTH pad 5 [E220_AUX] of J3
    @(96.0000 mm, 85.0000 mm): PTH pad 1 [E220_AUX] of TP8
[unconnected_items]: Missing connection between items
    Local override; error
    @(96.0000 mm, 85.0000 mm): PTH pad 1 [E220_AUX] of TP8
    @(111.0000 mm, 26.7000 mm): PTH pad 6 [E220_AUX] of J1
[unconnected_items]: Missing connection between items
    Local override; error
    @(7.8800 mm, 53.5000 mm): PTH pad 1 [E220_M0] of J3
    @(30.0000 mm, 58.7250 mm): Pad 1 [E220_M0] of R8 on F.Cu
[unconnected_items]: Missing connection between items
    Local override; error
    @(84.0000 mm, 85.0000 mm): PTH pad 1 [E220_M0] of TP6
    @(111.0000 mm, 31.7800 mm): PTH pad 8 [E220_M0] of J1
[unconnected_items]: Missing connection between items
    Local override; error
    @(84.0000 mm, 85.0000 mm): PTH pad 1 [E220_M0] of TP6
    @(30.0000 mm, 58.7250 mm): Pad 1 [E220_M0] of R8 on F.Cu
[unconnected_items]: Missing connection between items
    Local override; error
    @(12.9600 mm, 53.5000 mm): PTH pad 3 [E220_RXD] of J3
    @(102.0000 mm, 85.0000 mm): PTH pad 1 [E220_RXD] of TP9
[unconnected_items]: Missing connection between items
    Local override; error
    @(102.0000 mm, 85.0000 mm): PTH pad 1 [E220_RXD] of TP9
    @(136.4000 mm, 29.2400 mm): PTH pad 7 [E220_RXD] of J2
[unconnected_items]: Missing connection between items
    Local override; error
    @(64.0000 mm, 69.7250 mm): Pad 1 [BUCK_IN] of R2 on F.Cu
    @(64.3500 mm, 77.0000 mm): Pad 2 [BUCK_IN] of Q1 on F.Cu
[unconnected_items]: Missing connection between items
    Local override; error
    @(64.3500 mm, 77.0000 mm): Pad 2 [BUCK_IN] of Q1 on F.Cu
    @(66.0000 mm, 85.0000 mm): PTH pad 1 [BUCK_IN] of TP3
[unconnected_items]: Missing connection between items
    Local override; error
    @(67.5000 mm, 68.5000 mm): Pad 1 [BUCK_IN] of C1 on F.Cu
    @(64.0000 mm, 69.7250 mm): Pad 1 [BUCK_IN] of R2 on F.Cu
[unconnected_items]: Missing connection between items
    Local override; error
    @(70.0000 mm, 68.2250 mm): Pad 1 [BUCK_IN] of C2 on F.Cu
    @(67.5000 mm, 68.5000 mm): Pad 1 [BUCK_IN] of C1 on F.Cu
[unconnected_items]: Missing connection between items
    Local override; error
    @(72.7500 mm, 70.6000 mm): Pad 13 [BUCK_IN] of U1 on F.Cu
    @(70.0000 mm, 68.2250 mm): Pad 1 [BUCK_IN] of C2 on F.Cu
[unconnected_items]: Missing connection between items
    Local override; error
    @(73.4000 mm, 71.2500 mm): Pad 12 [BUCK_IN] of U1 on F.Cu
    @(72.7500 mm, 70.6000 mm): Pad 13 [BUCK_IN] of U1 on F.Cu
[unconnected_items]: Missing connection between items
    Local override; error
    @(73.4000 mm, 71.7500 mm): Pad 11 [BUCK_IN] of U1 on F.Cu
    @(73.4000 mm, 71.2500 mm): Pad 12 [BUCK_IN] of U1 on F.Cu
[unconnected_items]: Missing connection between items
    Local override; error
    @(73.4000 mm, 72.2500 mm): Pad 10 [BUCK_IN] of U1 on F.Cu
    @(73.4000 mm, 71.7500 mm): Pad 11 [BUCK_IN] of U1 on F.Cu
[unconnected_items]: Missing connection between items
    Local override; error
    @(63.0000 mm, 22.5400 mm): PTH pad 2 [DEVKIT_3V3] of J5
    @(136.4000 mm, 14.0000 mm): PTH pad 1 [DEVKIT_3V3] of J2
[unconnected_items]: Missing connection between items
    Local override; error
    @(98.0000 mm, 75.0000 mm): Pad 2 [WS2812_DATA_3V3] of U3 on F.Cu
    @(136.4000 mm, 24.1600 mm): PTH pad 5 [WS2812_DATA_3V3] of J2
[unconnected_items]: Missing connection between items
    Local override; error
    @(63.0000 mm, 27.6200 mm): PTH pad 4 [OLED_SDA] of J5
    @(136.4000 mm, 39.4000 mm): PTH pad 11 [OLED_SDA] of J2
[unconnected_items]: Missing connection between items
    Local override; error
    @(63.0000 mm, 25.0800 mm): PTH pad 3 [OLED_SCL] of J5
    @(136.4000 mm, 47.0200 mm): PTH pad 14 [OLED_SCL] of J2
[unconnected_items]: Missing connection between items
    Local override; error
    @(70.6000 mm, 71.2500 mm): Pad 1 [BUCK_SW] of U1 on F.Cu
    @(70.6000 mm, 71.7500 mm): Pad 2 [BUCK_SW] of U1 on F.Cu
[unconnected_items]: Missing connection between items
    Local override; error
    @(70.6000 mm, 71.7500 mm): Pad 2 [BUCK_SW] of U1 on F.Cu
    @(70.6000 mm, 72.2500 mm): Pad 3 [BUCK_SW] of U1 on F.Cu
[unconnected_items]: Missing connection between items
    Local override; error
    @(70.6000 mm, 71.7500 mm): Pad 2 [BUCK_SW] of U1 on F.Cu
    @(78.3250 mm, 72.0000 mm): Pad 1 [BUCK_SW] of L1 on F.Cu
[unconnected_items]: Missing connection between items
    Local override; error
    @(73.4000 mm, 72.7500 mm): Pad 9 [SS_TR] of U1 on F.Cu
    @(74.5000 mm, 68.2250 mm): Pad 1 [SS_TR] of C4 on F.Cu
[unconnected_items]: Missing connection between items
    Local override; error
    @(98.4750 mm, 73.0000 mm): Pad 4 [WS2812_DIN] of U3 on F.Cu
    @(102.5500 mm, 75.6000 mm): Pad 4 [WS2812_DIN] of D2 on F.Cu
[unconnected_items]: Missing connection between items
    Local override; error
    @(60.0000 mm, 69.7250 mm): Pad 1 [Q1_GATE] of R1 on F.Cu
    @(61.6500 mm, 77.0000 mm): Pad 1 [Q1_GATE] of Q1 on F.Cu
[unconnected_items]: Missing connection between items
    Local override; error
    @(64.0000 mm, 68.2750 mm): Pad 2 [Q1_GATE] of R2 on F.Cu
    @(60.0000 mm, 69.7250 mm): Pad 1 [Q1_GATE] of R1 on F.Cu

** Found 0 Footprint errors **

** Ignored checks **
    - Footprint has no courtyard defined
    - Track endpoint not centered on via
    - Tuning profile track geometries
    - Footprint doesn't match symbol's footprint filters
    - Footprint component type doesn't match footprint pads

** End of Report **
