** Drc report for esp32-e220-f1-proposed.kicad_pcb **
** Created on 2026-09-15T17:13:43 **
** Report includes: Errors, Warnings, Exclusions **

** Found 12 DRC violations **
[lib_footprint_issues]: The current configuration does not include the footprint library 'Carrier'
    Local override; warning
    @(100.0000 mm, 54.0000 mm): Footprint J9
[lib_footprint_mismatch]: Footprint 'PinHeader_1x02_P2.54mm_Vertical' does not match copy in library 'Connector_PinHeader_2.54mm'
    Local override; warning
    @(96.0000 mm, 14.0000 mm): Footprint JP1
[lib_footprint_issues]: The current configuration does not include the footprint library 'Carrier'
    Local override; warning
    @(17.5000 mm, 33.0000 mm): Footprint C9
[lib_footprint_issues]: The current configuration does not include the footprint library 'Carrier'
    Local override; warning
    @(96.0000 mm, 83.0000 mm): Footprint H3
[lib_footprint_issues]: The current configuration does not include the footprint library 'Carrier'
    Local override; warning
    @(14.4000 mm, 27.0000 mm): Footprint C10
[lib_footprint_mismatch]: Footprint 'SOT-223-3_TabPin2' does not match copy in library 'Package_TO_SOT_SMD'
    Local override; warning
    @(20.6500 mm, 27.0000 mm): Footprint U4
[lib_footprint_issues]: The current configuration does not include the footprint library 'Carrier'
    Local override; warning
    @(90.0000 mm, 66.0000 mm): Footprint R4
[lib_footprint_issues]: The current configuration does not include the footprint library 'Carrier'
    Local override; warning
    @(80.0000 mm, 7.0000 mm): Footprint H2
[lib_footprint_issues]: The current configuration does not include the footprint library 'Carrier'
    Local override; warning
    @(7.0000 mm, 7.0000 mm): Footprint H1
[lib_footprint_issues]: The current configuration does not include the footprint library 'Carrier'
    Local override; warning
    @(88.0000 mm, 69.0000 mm): Footprint C8
[lib_footprint_issues]: The current configuration does not include the footprint library 'Carrier'
    Local override; warning
    @(86.0000 mm, 66.0000 mm): Footprint R3
[lib_footprint_issues]: The current configuration does not include the footprint library 'Carrier'
    Local override; warning
    @(94.0000 mm, 18.0000 mm): Footprint J6

** Found 0 unconnected pads **

** Found 0 Footprint errors **

** Ignored checks **
    - Footprint has no courtyard defined
    - Track endpoint not centered on via
    - Tuning profile track geometries
    - Footprint doesn't match symbol's footprint filters
    - Footprint component type doesn't match footprint pads

** End of Report **
