  adding: rev1-q1-footprint-correction-2026-09-11/ (stored 0%)
  adding: rev1-q1-footprint-correction-2026-09-11/diagnostics/ (stored 0%)
  adding: rev1-q1-footprint-correction-2026-09-11/diagnostics/F_Cu_preview.pdf (deflated 40%)
  adding: rev1-q1-footprint-correction-2026-09-11/diagnostics/F_SilkS_preview.pdf (deflated 33%)
  adding: rev1-q1-footprint-correction-2026-09-11/diagnostics/B_Mask_preview.pdf (deflated 66%)
  adding: rev1-q1-footprint-correction-2026-09-11/diagnostics/F_Mask_preview.pdf (deflated 53%)
  adding: rev1-q1-footprint-correction-2026-09-11/diagnostics/B_Cu_preview.pdf (deflated 40%)
  adding: rev1-q1-footprint-correction-2026-09-11/diagnostics/Drill_Map_PTH.pdf (deflated 32%)
  adding: rev1-q1-footprint-correction-2026-09-11/diagnostics/Drill_Map_NPTH.pdf (deflated 43%)
  adding: rev1-q1-footprint-correction-2026-09-11/diagnostics/Edge_Cuts_preview.pdf (deflated 71%)
  adding: rev1-q1-footprint-correction-2026-09-11/checksums/ (stored 0%)
  adding: rev1-q1-footprint-correction-2026-09-11/checksums/SHA256SUMS.txt (deflated 46%)
  adding: rev1-q1-footprint-correction-2026-09-11/checksums/package-self-audit.json (deflated 57%)
  adding: rev1-q1-footprint-correction-2026-09-11/fabrication/ (stored 0%)
  adding: rev1-q1-footprint-correction-2026-09-11/fabrication/DRILL_REPORT.txt (deflated 64%)
  adding: rev1-q1-footprint-correction-2026-09-11/fabrication/ESP32-E220-Carrier-Rev1-Q1-Footprint-Correction.ipc356 (deflated 85%)
  adding: rev1-q1-footprint-correction-2026-09-11/fabrication/esp32-e220-PTH.drl (deflated 60%)
  adding: rev1-q1-footprint-correction-2026-09-11/fabrication/esp32-e220-B_Mask.gbs (deflated 71%)
  adding: rev1-q1-footprint-correction-2026-09-11/fabrication/esp32-e220-NPTH.drl (deflated 33%)
  adding: rev1-q1-footprint-correction-2026-09-11/fabrication/esp32-e220-Edge_Cuts.gm1 (deflated 41%)
  adding: rev1-q1-footprint-correction-2026-09-11/fabrication/esp32-e220-F_Cu.gtl (deflated 78%)
  adding: rev1-q1-footprint-correction-2026-09-11/fabrication/esp32-e220-job.gbrjob (deflated 70%)
  adding: rev1-q1-footprint-correction-2026-09-11/fabrication/esp32-e220-F_Silkscreen.gto (deflated 85%)
  adding: rev1-q1-footprint-correction-2026-09-11/fabrication/esp32-e220-F_Mask.gts (deflated 74%)
  adding: rev1-q1-footprint-correction-2026-09-11/fabrication/esp32-e220-B_Cu.gbl (deflated 75%)
  adding: rev1-q1-footprint-correction-2026-09-11/assembly/ (stored 0%)
  adding: rev1-q1-footprint-correction-2026-09-11/assembly/DNP_USER_MANIFEST.csv (deflated 67%)
  adding: rev1-q1-footprint-correction-2026-09-11/assembly/CPL_SMD_REV1.csv (deflated 69%)
  adding: rev1-q1-footprint-correction-2026-09-11/assembly/BOM_REV1.csv (deflated 68%)
  adding: rev1-q1-footprint-correction-2026-09-11/assembly/THT_ASSEMBLY.csv (deflated 50%)
  adding: rev1-q1-footprint-correction-2026-09-11/documentation/ (stored 0%)
  adding: rev1-q1-footprint-correction-2026-09-11/documentation/CPL_ROTATION_NOTES.md (deflated 34%)
  adding: rev1-q1-footprint-correction-2026-09-11/documentation/silkscreen-top.pdf (deflated 33%)
  adding: rev1-q1-footprint-correction-2026-09-11/documentation/RELEASE_MANIFEST.md (deflated 38%)
  adding: rev1-q1-footprint-correction-2026-09-11/documentation/FAB_NOTES.md (deflated 41%)
  adding: rev1-q1-footprint-correction-2026-09-11/documentation/assembly-top.pdf (deflated 37%)
  adding: rev1-q1-footprint-correction-2026-09-11/documentation/ASSEMBLY_NOTES.md (deflated 38%)
